I/sim: launcher_sim starting
I/sim: storage root: D:/Projects/dev-hardware/esplay-neo-firmware/launcher/sim/testdata/sd
I/sim: launcher_sim starting
I/sim: storage root: D:/Projects/dev-hardware/esplay-neo-firmware/launcher/sim/testdata/sd
I/ui_home: enter Files
I/file_manager: fm_create cwd=D:/Projects/dev-hardware/esplay-neo-firmware/launcher/sim/testdata/sd
D/file_manager: screen cleaned
I/file_manager: opening dir: D:/Projects/dev-hardware/esplay-neo-firmware/launcher/sim/testdata/sd
I/file_manager: dir entries=6
E/crash: Unhandled exception 0xc0000005
E/crash: bt[0]=00007FF7FE641302
E/crash: bt[1]=00007FFFC2A2C507
E/crash: bt[2]=00007FFFC4DD58D8
E/crash: bt[3]=00007FFFC4DBCE46
E/crash: bt[4]=00007FFFC4DD296F
E/crash: bt[5]=00007FFFC4D82554
E/crash: bt[6]=00007FFFC4DD147E
E/crash: bt[7]=00007FFFA6B521EC
E/crash: bt[8]=00007FF7FE645131
E/crash: bt[9]=00007FF7FE64F01B
E/crash: bt[10]=00007FF7FE656C63
E/crash: bt[11]=00007FF7FE65714D
E/crash: bt[12]=00007FF7FE64BEDC
E/crash: bt[13]=00007FF7FE64A538
E/crash: bt[14]=00007FF7FE64B9B2
E/crash: bt[15]=00007FF7FE6471CF
E/crash: bt[16]=00007FF7FE641255
E/crash: bt[17]=00007FF7FE6B3830
E/crash: bt[18]=00007FFFC4417374
E/crash: bt[19]=00007FFFC4D7CC91
I/sim: launcher_sim starting
I/sim: storage root: D:/Projects/dev-hardware/esplay-neo-firmware/launcher/sim/testdata/sd
I/sim: launcher_sim starting
I/sim: storage root: D:/Projects/dev-hardware/esplay-neo-firmware/launcher/sim/testdata/sd
I/ui_home: enter Settings
I/ui_home: enter Files
I/file_manager: fm_create cwd=D:/Projects/dev-hardware/esplay-neo-firmware/launcher/sim/testdata/sd
D/file_manager: screen cleaned
I/file_manager: opening dir: D:/Projects/dev-hardware/esplay-neo-firmware/launcher/sim/testdata/sd
I/file_manager: dir entries=6
E/crash: Unhandled exception 0xc0000005
E/crash: bt[0]=00007FF7FE641302
E/crash: bt[1]=00007FFFC2A2C507
E/crash: bt[2]=00007FFFC4DD58D8
E/crash: bt[3]=00007FFFC4DBCE46
E/crash: bt[4]=00007FFFC4DD296F
E/crash: bt[5]=00007FFFC4D82554
E/crash: bt[6]=00007FFFC4DD147E
E/crash: bt[7]=00007FFFA6B521EC
E/crash: bt[8]=00007FF7FE645131
E/crash: bt[9]=00007FF7FE64F01B
E/crash: bt[10]=00007FF7FE656C63
E/crash: bt[11]=00007FF7FE65714D
E/crash: bt[12]=00007FF7FE64BEDC
E/crash: bt[13]=00007FF7FE64A538
E/crash: bt[14]=00007FF7FE64B9B2
E/crash: bt[15]=00007FF7FE6471CF
E/crash: bt[16]=00007FF7FE641255
E/crash: bt[17]=00007FF7FE6B3830
E/crash: bt[18]=00007FFFC4417374
E/crash: bt[19]=00007FFFC4D7CC91
I/sim: launcher_sim starting
I/sim: storage root: D:/Projects/dev-hardware/esplay-neo-firmware/launcher/sim/testdata/sd
I/ui_home: enter Files
I/file_manager: fm_create cwd=D:/Projects/dev-hardware/esplay-neo-firmware/launcher/sim/testdata/sd
D/file_manager: screen cleaned
I/file_manager: opening dir: D:/Projects/dev-hardware/esplay-neo-firmware/launcher/sim/testdata/sd
I/file_manager: dir entries=6
I/file_manager: loaded entries=6
D/file_manager: virtual rows synced
I/file_manager: fm_create cwd=D:/Projects/dev-hardware/esplay-neo-firmware/launcher/sim/testdata/sd/names
D/file_manager: screen cleaned
I/file_manager: opening dir: D:/Projects/dev-hardware/esplay-neo-firmware/launcher/sim/testdata/sd/names
I/file_manager: dir entries=2
I/file_manager: loaded entries=2
D/file_manager: virtual rows synced
